
> rest-express@1.0.0 check
> tsc

client/src/components/Navbar.tsx(33,46): error TS6133: 'pwaIOS' is declared but its value is never read.
